// Jest Snapshot v1, https://goo.gl/fbAQLP

exports[`Should RoomReview render correctly 1`] = `
<li
  className="reviews__item"
>
  <div
    className="reviews__user user"
  >
    <div
      className="reviews__avatar-wrapper user__avatar-wrapper"
    >
      <img
        alt="Reviews avatar"
        className="reviews__avatar user__avatar"
        height="54"
        width="54"
      />
    </div>
    <span
      className="reviews__user-name"
    >
      Jack
    </span>
  </div>
  <div
    className="reviews__info"
  >
    <div
      className="reviews__rating rating"
    >
      <div
        className="reviews__stars rating__stars"
      >
        <span
          style={
            Object {
              "width": "100%",
            }
          }
        >
          5
        </span>
        <span
          className="visually-hidden"
        >
          Rating
        </span>
      </div>
    </div>
    <p
      className="reviews__text"
    >
      This villa is perfect in every way: the view on mountains and waterfalls, the hot tub and the villa itself. The evening here became a great continuation of our journeys over country.
    </p>
    <time
      className="reviews__time"
      dateTime="2020-10-10T13:38:44.753Z"
    >
      October 2020
    </time>
  </div>
</li>
`;
